[    0.000000] Initializing cgroup subsys cpuset
[    0.000000] Initializing cgroup subsys cpu
[    0.000000] Initializing cgroup subsys cpuacct
[    0.000000] Linux version 4.4.0-150-generic (buildd@lgw01-amd64-036) (gcc version 5.4.0 20160609 (Ubuntu 5.4.0-6ubuntu1~16.04.10) ) #176-Ubuntu SMP Wed May 29 18:56:26 UTC 2019 (Ubuntu 4.4.0-150.176-generic 4.4.179)
[    0.000000] Command line: BOOT_IMAGE=/boot/vmlinuz-4.4.0-150-generic root=LABEL=cloudimg-rootfs ro console=tty1 console=ttyS0
[    0.000000] KERNEL supported cpus:
[    0.000000]   Intel GenuineIntel
[    0.000000]   AMD AuthenticAMD
[    0.000000]   Centaur CentaurHauls
[    0.000000] x86/fpu: xstate_offset[2]:  576, xstate_sizes[2]:  256
[    0.000000] x86/fpu: Supporting XSAVE feature 0x01: 'x87 floating point registers'
[    0.000000] x86/fpu: Supporting XSAVE feature 0x02: 'SSE registers'
[    0.000000] x86/fpu: Supporting XSAVE feature 0x04: 'AVX registers'
[    0.000000] x86/fpu: Enabled xstate features 0x7, context size is 832 bytes, using 'standard' format.
[    0.000000] e820: BIOS-provided physical RAM map:
[    0.000000] BIOS-e820: [mem 0x0000000000000000-0x000000000009fbff] usable
[    0.000000] BIOS-e820: [mem 0x000000000009fc00-0x000000000009ffff] reserved
[    0.000000] BIOS-e820: [mem 0x00000000000f0000-0x00000000000fffff] reserved
[    0.000000] BIOS-e820: [mem 0x0000000000100000-0x000000003ffeffff] usable
[    0.000000] BIOS-e820: [mem 0x000000003fff0000-0x000000003fffffff] ACPI data
[    0.000000] BIOS-e820: [mem 0x00000000fec00000-0x00000000fec00fff] reserved
[    0.000000] BIOS-e820: [mem 0x00000000fee00000-0x00000000fee00fff] reserved
[    0.000000] BIOS-e820: [mem 0x00000000fffc0000-0x00000000ffffffff] reserved
[    0.000000] NX (Execute Disable) protection: active
[    0.000000] SMBIOS 2.5 present.
[    0.000000] Hypervisor detected: KVM
[    0.000000] e820: last_pfn = 0x3fff0 max_arch_pfn = 0x400000000
[    0.000000] MTRR: Disabled
[    0.000000] x86/PAT: MTRRs disabled, skipping PAT initialization too.
[    0.000000] CPU MTRRs all blank - virtualized system.
[    0.000000] x86/PAT: Configuration [0-7]: WB  WT  UC- UC  WB  WT  UC- UC  
[    0.000000] found SMP MP-table at [mem 0x0009fff0-0x0009ffff] mapped at [ffff88000009fff0]
[    0.000000] Scanning 1 areas for low memory corruption
[    0.000000] RAMDISK: [mem 0x362f8000-0x37173fff]
[    0.000000] ACPI: Early table checksum verification disabled
[    0.000000] ACPI: RSDP 0x00000000000E0000 000024 (v02 VBOX  )
[    0.000000] ACPI: XSDT 0x000000003FFF0030 00003C (v01 VBOX   VBOXXSDT 00000001 ASL  00000061)
[    0.000000] ACPI: FACP 0x000000003FFF00F0 0000F4 (v04 VBOX   VBOXFACP 00000001 ASL  00000061)
[    0.000000] ACPI: DSDT 0x000000003FFF0470 0022EA (v02 VBOX   VBOXBIOS 00000002 INTL 20100528)
[    0.000000] ACPI: FACS 0x000000003FFF0200 000040
[    0.000000] ACPI: FACS 0x000000003FFF0200 000040
[    0.000000] ACPI: APIC 0x000000003FFF0240 00005C (v02 VBOX   VBOXAPIC 00000001 ASL  00000061)
[    0.000000] ACPI: SSDT 0x000000003FFF02A0 0001CC (v01 VBOX   VBOXCPUT 00000002 INTL 20100528)
[    0.000000] No NUMA configuration found
[    0.000000] Faking a node at [mem 0x0000000000000000-0x000000003ffeffff]
[    0.000000] NODE_DATA(0) allocated [mem 0x3ffeb000-0x3ffeffff]
[    0.000000] kvm-clock: Using msrs 4b564d01 and 4b564d00
[    0.000000] kvm-clock: cpu 0, msr 0:3ffe3001, primary cpu clock
[    0.000000] kvm-clock: using sched offset of 3200117587 cycles
[    0.000000] clocksource: kvm-clock: mask: 0xffffffffffffffff max_cycles: 0x1cd42e4dffb, max_idle_ns: 881590591483 ns
[    0.000000] Zone ranges:
[    0.000000]   DMA      [mem 0x0000000000001000-0x0000000000ffffff]
[    0.000000]   DMA32    [mem 0x0000000001000000-0x000000003ffeffff]
[    0.000000]   Normal   empty
[    0.000000]   Device   empty
[    0.000000] Movable zone start for each node
[    0.000000] Early memory node ranges
[    0.000000]   node   0: [mem 0x0000000000001000-0x000000000009efff]
[    0.000000]   node   0: [mem 0x0000000000100000-0x000000003ffeffff]
[    0.000000] Initmem setup node 0 [mem 0x0000000000001000-0x000000003ffeffff]
[    0.000000] ACPI: PM-Timer IO Port: 0x4008
[    0.000000] IOAPIC[0]: apic_id 2, version 32, address 0xfec00000, GSI 0-23
[    0.000000] ACPI: INT_SRC_OVR (bus 0 bus_irq 0 global_irq 2 dfl dfl)
[    0.000000] ACPI: INT_SRC_OVR (bus 0 bus_irq 9 global_irq 9 low level)
[    0.000000] Using ACPI (MADT) for SMP configuration information
[    0.000000] smpboot: Allowing 2 CPUs, 0 hotplug CPUs
[    0.000000] PM: Registered nosave memory: [mem 0x00000000-0x00000fff]
[    0.000000] PM: Registered nosave memory: [mem 0x0009f000-0x0009ffff]
[    0.000000] PM: Registered nosave memory: [mem 0x000a0000-0x000effff]
[    0.000000] PM: Registered nosave memory: [mem 0x000f0000-0x000fffff]
[    0.000000] e820: [mem 0x40000000-0xfebfffff] available for PCI devices
[    0.000000] Booting paravirtualized kernel on KVM
[    0.000000] clocksource: refined-jiffies: mask: 0xffffffff max_cycles: 0xffffffff, max_idle_ns: 7645519600211568 ns
[    0.000000] setup_percpu: NR_CPUS:512 nr_cpumask_bits:512 nr_cpu_ids:2 nr_node_ids:1
[    0.000000] PERCPU: Embedded 34 pages/cpu @ffff88003fc00000 s99480 r8192 d31592 u1048576
[    0.000000] Built 1 zonelists in Node order, mobility grouping on.  Total pages: 257912
[    0.000000] Policy zone: DMA32
[    0.000000] Kernel command line: BOOT_IMAGE=/boot/vmlinuz-4.4.0-150-generic root=LABEL=cloudimg-rootfs ro console=tty1 console=ttyS0
[    0.000000] PID hash table entries: 4096 (order: 3, 32768 bytes)
[    0.000000] Memory: 997728K/1048120K available (8613K kernel code, 1335K rwdata, 4028K rodata, 1484K init, 1284K bss, 50392K reserved, 0K cma-reserved)
[    0.000000] SLUB: HWalign=64, Order=0-3, MinObjects=0, CPUs=2, Nodes=1
[    0.000000] Kernel/User page tables isolation: enabled
[    0.000000] Hierarchical RCU implementation.
[    0.000000] 	Build-time adjustment of leaf fanout to 64.
[    0.000000] 	RCU restricting CPUs from NR_CPUS=512 to nr_cpu_ids=2.
[    0.000000] RCU: Adjusting geometry for rcu_fanout_leaf=64, nr_cpu_ids=2
[    0.000000] NR_IRQS:33024 nr_irqs:440 16
[    0.000000] Console: colour VGA+ 80x25
[    0.000000] console [tty1] enabled
[    0.000000] console [ttyS0] enabled
[    0.000000] tsc: Detected 2693.712 MHz processor
[    0.124424] Calibrating delay loop (skipped) preset value.. 5387.42 BogoMIPS (lpj=10774848)
[    0.126264] pid_max: default: 32768 minimum: 301
[    0.127334] ACPI: Core revision 20150930
[    0.129075] ACPI: 2 ACPI AML tables successfully acquired and loaded
[    0.132648] Security Framework initialized
[    0.133572] Yama: becoming mindful.
[    0.134684] AppArmor: AppArmor initialized
[    0.135920] Dentry cache hash table entries: 131072 (order: 8, 1048576 bytes)
[    0.139180] Inode-cache hash table entries: 65536 (order: 7, 524288 bytes)
[    0.140766] Mount-cache hash table entries: 2048 (order: 2, 16384 bytes)
[    0.142143] Mountpoint-cache hash table entries: 2048 (order: 2, 16384 bytes)
[    0.144243] Initializing cgroup subsys io
[    0.145528] Initializing cgroup subsys memory
[    0.149138] Initializing cgroup subsys devices
[    0.150637] Initializing cgroup subsys freezer
[    0.151640] Initializing cgroup subsys net_cls
[    0.152725] Initializing cgroup subsys perf_event
[    0.153734] Initializing cgroup subsys net_prio
[    0.154907] Initializing cgroup subsys hugetlb
[    0.155904] Initializing cgroup subsys pids
[    0.157801] mce: CPU supports 0 MCE banks
[    0.158729] Last level iTLB entries: 4KB 1024, 2MB 1024, 4MB 1024
[    0.160243] Last level dTLB entries: 4KB 1024, 2MB 1024, 4MB 1024, 1GB 4
[    0.161827] Spectre V2 : Mitigation: Full generic retpoline
[    0.163199] Spectre V2 : Spectre v2 / SpectreRSB mitigation: Filling RSB on context switch
[    0.166478] Speculative Store Bypass: Vulnerable
[    0.167809] MDS: Mitigation: Clear CPU buffers
[    0.172633] Freeing SMP alternatives memory: 36K
[    0.180560] ftrace: allocating 32298 entries in 127 pages
[    0.245566] smpboot: APIC(0) Converting physical 0 to logical package 0
[    0.247028] smpboot: Max logical packages: 1
[    0.248405] x2apic enabled
[    0.249500] Switched APIC routing to physical x2apic.
[    0.252930] ..TIMER: vector=0x30 apic1=0 pin1=2 apic2=-1 pin2=-1
[    0.359424] smpboot: CPU0: Intel(R) Core(TM) i7-4600U CPU @ 2.10GHz (family: 0x6, model: 0x45, stepping: 0x1)
[    0.361931] Performance Events: unsupported p6 CPU model 69 no PMU driver, software events only.
[    0.374066] KVM setup paravirtual spinlock
[    0.375761] x86: Booting SMP configuration:
[    0.376766] .... node  #0, CPUs:      #1
[    0.378151] kvm-clock: cpu 1, msr 0:3ffe3041, secondary cpu clock
[    0.382968] mce: CPU supports 0 MCE banks
[    0.385574] x86: Booted up 1 node, 2 CPUs
[    0.386654] smpboot: Total of 2 processors activated (10774.84 BogoMIPS)
[    0.388292] devtmpfs: initialized
[    0.391444] evm: security.selinux
[    0.392337] evm: security.SMACK64
[    0.393256] evm: security.SMACK64EXEC
[    0.394307] evm: security.SMACK64TRANSMUTE
[    0.395251] evm: security.SMACK64MMAP
[    0.396119] evm: security.ima
[    0.396807] evm: security.capability
[    0.397742] clocksource: jiffies: mask: 0xffffffff max_cycles: 0xffffffff, max_idle_ns: 7645041785100000 ns
[    0.399932] futex hash table entries: 512 (order: 3, 32768 bytes)
[    0.401395] pinctrl core: initialized pinctrl subsystem
[    0.402682] RTC time: 10:43:43, date: 06/26/19
[    0.403944] NET: Registered protocol family 16
[    0.415309] cpuidle: using governor ladder
[    0.427437] cpuidle: using governor menu
[    0.428825] PCCT header not found.
[    0.430538] ACPI: bus type PCI registered
[    0.431891] acpiphp: ACPI Hot Plug PCI Controller Driver version: 0.5
[    0.433784] PCI: Using configuration type 1 for base access
[    0.448524] ACPI: Added _OSI(Module Device)
[    0.449951] ACPI: Added _OSI(Processor Device)
[    0.451373] ACPI: Added _OSI(3.0 _SCP Extensions)
[    0.452756] ACPI: Added _OSI(Processor Aggregator Device)
[    0.455073] ACPI: Executed 1 blocks of module-level executable AML code
[    0.459365] ACPI: Interpreter enabled
[    0.460764] ACPI: (supports S0 S5)
[    0.461892] ACPI: Using IOAPIC for interrupt routing
[    0.463270] PCI: Using host bridge windows from ACPI; if necessary, use "pci=nocrs" and report a bug
[    0.469005] ACPI: PCI Root Bridge [PCI0] (domain 0000 [bus 00-ff])
[    0.470404] acpi PNP0A03:00: _OSC: OS supports [ASPM ClockPM Segments MSI]
[    0.479457] acpi PNP0A03:00: _OSC: not requesting OS control; OS requires [ExtendedConfig ASPM ClockPM MSI]
[    0.482540] acpi PNP0A03:00: fail to add MMCONFIG information, can't access extended PCI configuration space under this bridge.
[    0.485180] PCI host bridge to bus 0000:00
[    0.486108] pci_bus 0000:00: root bus resource [io  0x0000-0x0cf7 window]
[    0.487527] pci_bus 0000:00: root bus resource [io  0x0d00-0xffff window]
[    0.489813] pci_bus 0000:00: root bus resource [mem 0x000a0000-0x000bffff window]
[    0.491468] pci_bus 0000:00: root bus resource [mem 0x40000000-0xfdffffff window]
[    0.493872] pci_bus 0000:00: root bus resource [bus 00-ff]
[    0.496932] pci 0000:00:01.1: legacy IDE quirk: reg 0x10: [io  0x01f0-0x01f7]
[    0.498440] pci 0000:00:01.1: legacy IDE quirk: reg 0x14: [io  0x03f6]
[    0.499764] pci 0000:00:01.1: legacy IDE quirk: reg 0x18: [io  0x0170-0x0177]
[    0.501166] pci 0000:00:01.1: legacy IDE quirk: reg 0x1c: [io  0x0376]
[    0.520219] pci 0000:00:07.0: quirk: [io  0x4000-0x403f] claimed by PIIX4 ACPI
[    0.532505] pci 0000:00:07.0: quirk: [io  0x4100-0x410f] claimed by PIIX4 SMB
[    0.544258] ACPI: PCI Interrupt Link [LNKA] (IRQs 5 9 10 *11)
[    0.546617] ACPI: PCI Interrupt Link [LNKB] (IRQs 5 9 *10 11)
[    0.548720] ACPI: PCI Interrupt Link [LNKC] (IRQs 5 *9 10 11)
[    0.550704] ACPI: PCI Interrupt Link [LNKD] (IRQs 5 9 10 *11)
[    0.552718] ACPI: Enabled 2 GPEs in block 00 to 07
[    0.554456] vgaarb: setting as boot device: PCI:0000:00:02.0
[    0.556485] vgaarb: device added: PCI:0000:00:02.0,decodes=io+mem,owns=io+mem,locks=none
[    0.558596] vgaarb: loaded
[    0.559450] vgaarb: bridge control possible 0000:00:02.0
[    0.561834] SCSI subsystem initialized
[    0.563034] ACPI: bus type USB registered
[    0.564145] usbcore: registered new interface driver usbfs
[    0.565760] usbcore: registered new interface driver hub
[    0.567072] usbcore: registered new device driver usb
[    0.568636] PCI: Using ACPI for IRQ routing
[    0.570118] NetLabel: Initializing
[    0.571109] NetLabel:  domain hash size = 128
[    0.572425] NetLabel:  protocols = UNLABELED CIPSOv4
[    0.575339] NetLabel:  unlabeled traffic allowed by default
[    0.577067] amd_nb: Cannot enumerate AMD northbridges
[    0.578400] clocksource: Switched to clocksource kvm-clock
[    0.585748] AppArmor: AppArmor Filesystem Enabled
[    0.587096] pnp: PnP ACPI init
[    0.589022] pnp: PnP ACPI: found 3 devices
[    0.600142] clocksource: acpi_pm: mask: 0xffffff max_cycles: 0xffffff, max_idle_ns: 2085701024 ns
[    0.602447] NET: Registered protocol family 2
[    0.603850] TCP established hash table entries: 8192 (order: 4, 65536 bytes)
[    0.606696] TCP bind hash table entries: 8192 (order: 5, 131072 bytes)
[    0.608263] TCP: Hash tables configured (established 8192 bind 8192)
[    0.609845] UDP hash table entries: 512 (order: 2, 16384 bytes)
[    0.611293] UDP-Lite hash table entries: 512 (order: 2, 16384 bytes)
[    0.612852] NET: Registered protocol family 1
[    0.613996] pci 0000:00:00.0: Limiting direct PCI/PCI transfers
[    0.615463] pci 0000:00:01.0: Activating ISA DMA hang workarounds
[    0.617085] Unpacking initramfs...
[    0.813836] Freeing initrd memory: 14832K
[    0.817852] RAPL PMU detected, API unit is 2^-32 Joules, 4 fixed counters 10737418240 ms ovfl timer
[    0.819501] hw unit of domain pp0-core 2^-0 Joules
[    0.820568] hw unit of domain package 2^-0 Joules
[    0.821776] hw unit of domain dram 2^-0 Joules
[    0.822992] hw unit of domain pp1-gpu 2^-0 Joules
[    0.823906] clocksource: tsc: mask: 0xffffffffffffffff max_cycles: 0x26d40a65411, max_idle_ns: 440795315317 ns
[    0.826002] platform rtc_cmos: registered platform RTC device (no PNP device found)
[    0.827624] Scanning for low memory corruption every 60 seconds
[    0.830062] audit: initializing netlink subsys (disabled)
[    0.831378] audit: type=2000 audit(1561545828.383:1): initialized
[    0.833018] Initialise system trusted keyring
[    0.834301] HugeTLB registered 2 MB page size, pre-allocated 0 pages
[    0.836747] zbud: loaded
[    0.837922] VFS: Disk quotas dquot_6.6.0
[    0.839325] VFS: Dquot-cache hash table entries: 512 (order 0, 4096 bytes)
[    0.841225] squashfs: version 4.0 (2009/01/31) Phillip Lougher
[    0.843061] fuse init (API version 7.23)
[    0.844327] Key type big_key registered
[    0.845569] Allocating IMA MOK and blacklist keyrings.
[    0.847905] Key type asymmetric registered
[    0.849016] Asymmetric key parser 'x509' registered
[    0.850369] Block layer SCSI generic (bsg) driver version 0.4 loaded (major 249)
[    0.852508] io scheduler noop registered
[    0.853563] io scheduler deadline registered (default)
[    0.855073] io scheduler cfq registered
[    0.856370] pci_hotplug: PCI Hot Plug PCI Core version: 0.5
[    0.857721] pciehp: PCI Express Hot Plug Controller Driver version: 0.4
[    0.859590] ACPI: AC Adapter [AC] (off-line)
[    0.860785] input: Power Button as /devices/LNXSYSTM:00/LNXPWRBN:00/input/input0
[    0.862897] ACPI: Power Button [PWRF]
[    0.864202] input: Sleep Button as /devices/LNXSYSTM:00/LNXSLPBN:00/input/input1
[    0.866207] ACPI: Sleep Button [SLPF]
[    0.868288] ACPI: Battery Slot [BAT0] (battery present)
[    0.869616] GHES: HEST is not enabled!
[    0.870799] Serial: 8250/16550 driver, 32 ports, IRQ sharing enabled
[    0.893334] 00:02: ttyS0 at I/O 0x3f8 (irq = 4, bse_baud = 115200) is a 16550A
    0.897744] Linux agpgart interface v0.103
[    0.900421] loop: module loaded
[    0.901771] scsi host0: ata_piix
[    0.902601] scsi host1: ata_piix
[    0.903302] ata1: PATA max UDMA/33 cmd 0x1f0 ctl 0x3f6 bmdma 0xd000 irq 14
[    0.905466] ata2: PATA max UDMA/33 cmd 0x170 ctl 0x376 bmdma 0xd008 irq 15
[    0.907103] libphy: Fixed MDIO Bus: probed
[    0.908539] tun: Universal TUN/TAP device driver, 1.6
[    0.909602] tun: (C) 1999-2004 Max Krasnyansky <maxk@qualcomm.com>
[    0.911022] PPP generic driver version 2.4.2
[    0.912248] ehci_hcd: USB 2.0 'Enhanced' Host Controller (EHCI) Driver
[    0.913786] ehci-pci: EHCI PCI platform driver
[    0.914869] ehci-platform: EHCI generic platform driver
[    0.916007] ohci_hcd: USB 1.1 'Open' Host Controller (OHCI) Driver
[    0.922905] ohci-pci: OHCI PCI platform driver
[    0.924099] ohci-platform: OHCI generic platform driver
[    0.925525] uhci_hcd: USB Universal Host Controller Interface driver
[    0.927547] i8042: PNP: PS/2 Controller [PNP0303:PS2K,PNP0f03:PS2M] at 0x60,0x64 irq 1,12
[    0.929896] serio: i8042 KBD port at 0x60,0x64 irq 1
[    0.931034] serio: i8042 AUX port at 0x60,0x64 irq 12
[    0.932239] mousedev: PS/2 mouse device common for all mice
[    0.933927] input: AT Translated Set 2 keyboard as /devices/platform/i8042/serio0/input/input2
[    0.935745] rtc_cmos rtc_cmos: rtc core: registered rtc_cmos as rtc0
[    0.936897] rtc_cmos rtc_cmos: alarms up to one day, 114 bytes nvram
[    0.938051] i2c /dev entries driver
[    0.938951] device-mapper: uevent: version 1.0.3
[    0.940002] device-mapper: ioctl: 4.34.0-ioctl (2015-10-28) initialised: dm-devel@redhat.com
[    0.942280] ledtrig-cpu: registered to indicate activity on CPUs
[    0.944279] NET: Registered protocol family 10
[    0.946004] NET: Registered protocol family 17
[    0.946980] Key type dns_resolver registered
[    0.948290] registered taskstats version 1
[    0.949107] Loading compiled-in X.509 certificates
[    0.950846] Loaded X.509 cert 'Build time autogenerated kernel key: a7915d3ef14e82ec7978a6e44664328aa121e7a5'
[    0.952717] zswap: loaded using pool lzo/zbud
[    0.956035] Key type trusted registered
[    0.959847] Key type encrypted registered
[    0.960626] AppArmor: AppArmor sha1 policy hashing enabled
[    0.962356] ima: No TPM chip found, activating TPM-bypass!
[    0.963353] ima: Allocated hash algorithm: sha1
[    0.964192] evm: HMAC attrs: 0x1
[    0.965153]   Magic number: 7:697:730
[    0.966314] rtc_cmos rtc_cmos: setting system clock to 2019-06-26 10:43:44 UTC (1561545824)
[    0.968694] BIOS EDD facility v0.16 2004-Jun-25, 0 devices found
[    0.970101] EDD information not available.
[    1.064566] Freeing unused kernel memory: 1484K
[    1.066914] Write protecting the kernel read-only data: 14336k
[    1.070930] Freeing unused kernel memory: 1616K
[    1.074164] Freeing unused kernel memory: 68K
Loading, please wait...
starting version 229
[    1.089301] random: systemd-udevd: uninitialized urandom read (16 bytes read, 2 bits of entropy available)
[    1.090153] random: udevadm: uninitialized urandom read (16 bytes read, 2 bits of entropy available)
[    1.090182] random: udevadm: uninitialized urandom read (16 bytes read, 2 bits of entropy available)
[    1.097740] random: systemd-udevd: uninitialized urandom read (16 bytes read, 2 bits of entropy available)
[    1.100206] random: systemd-udevd: uninitialized urandom read (16 bytes read, 2 bits of entropy available)
[    1.102033] random: udevadm: uninitialized urandom read (16 bytes read, 2 bits of entropy available)
[    1.102090] random: udevadm: uninitialized urandom read (16 bytes read, 2 bits of entropy available)
[    1.102283] random: udevadm: uninitialized urandom read (16 bytes read, 2 bits of entropy available)
[    1.102349] random: udevadm: uninitialized urandom read (16 bytes read, 2 bits of entropy available)
[    1.102414] random: udevadm: uninitialized urandom read (16 bytes read, 2 bits of entropy available)
[    1.162015] Fusion MPT base driver 3.04.20
[    1.163656] Copyright (c) 1999-2008 LSI Corporation
[    1.164891] e1000: Intel(R) PRO/1000 Network Driver - version 7.3.21-k8-NAPI
[    1.166419] e1000: Copyright (c) 1999-2006 Intel Corporation.
[    1.174041] Fusion MPT SPI Host driver 3.04.20
[    1.195594] AVX2 version of gcm_enc/dec engaged.
[    1.196782] AES CTR mode by8 optimization enabled
[    1.377427] input: ImExPS/2 Generic Explorer Mouse as /devices/platform/i8042/serio1/input/input4
[    1.531111] e1000 0000:00:03.0 eth0: (PCI:33MHz:32-bit) 02:bc:a8:42:42:bc
[    1.534068] e1000 0000:00:03.0 eth0: Intel(R) PRO/1000 Network Connection
[    1.539283] mptbase: ioc0: Initiating bringup
[    1.602662] ioc0: LSI53C1030 A0: Capabilities={Initiator}
[    1.764161] scsi host2: ioc0: LSI53C1030 A0, FwRev=00000000h, Ports=1, MaxQ=256, IRQ=20
[    1.883009] scsi 2:0:0:0: Direct-Access     VBOX     HARDDISK         1.0  PQ: 0 ANSI: 5
[    1.885004] scsi target2:0:0: Beginning Domain Validation
[    1.888241] scsi target2:0:0: Domain Validation skipping write tests
[    1.890083] scsi target2:0:0: Ending Domain Validation
[    1.892012] scsi target2:0:0: asynchronous
[    1.895138] scsi 2:0:1:0: Direct-Access     VBOX     HARDDISK         1.0  PQ: 0 ANSI: 5
[    1.897602] scsi target2:0:1: Beginning Domain Validation
[    1.920316] scsi target2:0:1: Domain Validation skipping write tests
[    1.921883] scsi target2:0:1: Ending Domain Validation
[    1.924436] scsi target2:0:1: asynchronous
[    1.983451] sd 2:0:0:0: Attached scsi generic sg0 type 0
[    1.984719] sd 2:0:0:0: [sda] 20971520 512-byte logical blocks: (10.7 GB/10.0 GiB)
[    1.987363] sd 2:0:1:0: Attached scsi generic sg1 type 0
[    1.989113] sd 2:0:1:0: [sdb] 20480 512-byte logical blocks: (10.5 MB/10.0 MiB)
[    1.992140] sd 2:0:0:0: [sda] Write Protect is off
[    1.993648] sd 2:0:1:0: [sdb] Write Protect is off
[    1.995379] sd 2:0:0:0: [sda] Incomplete mode parameter data
[    1.996931] sd 2:0:0:0: [sda] Assuming drive cache: write through
[    1.998651] sd 2:0:1:0: [sdb] Incomplete mode parameter data
[    2.000147] sd 2:0:1:0: [sdb] Assuming drive cache: write through
[    2.012404]  sda: sda1
[    2.014881] sd 2:0:1:0: [sdb] Attached SCSI disk
[    2.016807] sd 2:0:0:0: [sda] Attached SCSI disk
[    2.273655] e1000 0000:00:08.0 eth1: (PCI:33MHz:32-bit) 08:00:27:fb:30:de
[    2.275329] e1000 0000:00:08.0 eth1: Intel(R) PRO/1000 Network Connection
[    2.277816] e1000 0000:00:08.0 enp0s8: renamed from eth1
[    2.297467] e1000 0000:00:03.0 enp0s3: renamed from eth0
Begin: Loading essential drivers ... [    3.658560] md: linear personality registered for level -1
[    3.662007] md: multipath personality registered for level -4
[    3.665608] md: raid0 personality registered for level 0
[    3.672074] md: raid1 personality registered for level 1
[    3.746410] raid6: sse2x1   gen() 10258 MB/s
[    3.816413] raid6: sse2x1   xor()  7084 MB/s
[    3.886414] raid6: sse2x2   gen() 12997 MB/s
[    3.954662] raid6: sse2x2   xor()  8309 MB/s
[    4.026479] raid6: sse2x4   gen() 15090 MB/s
[    4.096390] raid6: sse2x4   xor() 10427 MB/s
[    4.162804] raid6: avx2x1   gen() 17565 MB/s
[    4.236404] raid6: avx2x2   gen() 23154 MB/s
[    4.302779] raid6: avx2x4   gen() 22521 MB/s
[    4.303949] raid6: using algorithm avx2x2 gen() 23154 MB/s
[    4.305336] raid6: using avx2x2 recovery algorithm
[    4.307907] xor: automatically using best checksumming function:
[    4.350994]    avx       : 49235.000 MB/sec
[    4.353696] async_tx: api initialized (async)
[    4.365117] md: raid6 personality registered for level 6
[    4.366521] md: raid5 personality registered for level 5
[    4.367864] md: raid4 personality registered for level 4
[    4.374818] md: raid10 personality registered for level 10
done.
Begin: Running /scripts/init-premount ... done.
Begin: Mounting root file system ... Begin: Running /scripts/local-top ... done.
Begin: Running /scripts/local-premount ... [    4.405366] Btrfs loaded
Scanning for Btrfs filesystems
done.
Warning: fsck not present, so skipping root file system
[    4.447014] EXT4-fs (sda1): mounted filesystem with ordered data mode. Opts: (null)
done.
Begin: Running /scripts/local-bottom ... done.
Begin: Running /scripts/init-bottom ... done.
[    4.554094] systemd[1]: systemd 229 running in system mode. (+PAM +AUDIT +SELINUX +IMA +APPARMOR +SMACK +SYSVINIT +UTMP +LIBCRYPTSETUP +GCRYPT +GNUTLS +ACL +XZ -LZ4 +SECCOMP +BLKID +ELFUTILS +KMOD -IDN)
[    4.558242] systemd[1]: Detected virtualization oracle.
[    4.559554] systemd[1]: Detected architecture x86-64.

Welcome to [1mUbuntu 16.04.6 LTS[0m!

[    4.563766] systemd[1]: Set hostname to <ubuntu>.
[    4.568347] systemd[1]: Initializing machine ID from random generator.
[    4.570196] systemd[1]: Installed transient /etc/machine-id file.
[    4.708629] systemd[1]: Started Forward Password Requests to Wall Directory Watch.
[[0;32m  OK  [0m] Started Forward Password Requests to Wall Directory Watch.
[    4.712532] systemd[1]: Created slice System Slice.
[[0;32m  OK  [0m] Created slice System Slice.
[    4.714541] systemd[1]: Created slice User and Session Slice.
[[0;32m  OK  [0m] Created slice User and Session Slice.
[    4.716732] systemd[1]: Listening on LVM2 poll daemon socket.
[[0;32m  OK  [0m] Listening on LVM2 poll daemon socket.
[    4.718833] systemd[1]: Listening on udev Control Socket.
[[0;32m  OK  [0m] Listening on udev Control Socket.
[    4.720735] systemd[1]: Set up automount Arbitrary Executable File Formats File System Automount Point.
[[0;32m  OK  [0m] Set up automount Arbitrary Executab...ats File System Automount Point.
[    4.723621] systemd[1]: Listening on Journal Socket.
[[0;32m  OK  [0m] Listening on Journal Socket.
[    4.734711] systemd[1]: Starting Uncomplicated firewall...
         Starting Uncomplicated firewall...
[    4.738583] systemd[1]: Starting Remount Root and Kernel File Systems...
         Starting Remount Root and Kernel File Systems...
[    4.743036] systemd[1]: Mounting Debug File System...
         Mounting Debug File System...
[    4.747634] systemd[1]: Mounting Huge Pages File System...
         Mounting Huge Pages File System...
[    4.750941] systemd[1]: Starting Create list of required static device nodes for the current kernel...
[    4.751163] EXT4-fs (sda1): re-mounted. Opts: (null)
         Starting Create list of required st... nodes for the current kernel...
[    4.758885] systemd[1]: Starting Load Kernel Modules...
         Starting Load Kernel Modules...
[    4.762020] systemd[1]: Created slice system-serial\x2dgetty.slice.
[[0;32m  OK  [0m] Created slice system-serial\x2dgetty.slice.
[    4.765771] systemd[1]: Listening on Journal Socket (/dev/log).
[[0;32m  OK  [0m] Listening on Journal Socket (/dev/log).
[    4.769679] systemd[1]: Starting Set console keymap...
[    4.771299] Loading iSCSI transport class v2.0-870.
         Starting Set console keymap...
[    4.772865] systemd[1]: Reached target Slices.
[[0;32m  OK  [0m] Reached target Slices.
[    4.780392] iscsi: registered transport (tcp)
[    4.782719] systemd[1]: Started Trigger resolvconf update for networkd DNS.
[[0;32m  OK  [0m] Started Trigger resolvconf update for networkd DNS.
[    4.788013] systemd[1]: Starting Nameserver information manager...
         Starting Nameserver information manager...
[    4.790327] systemd[1]: Listening on /dev/initctl Compatibility Named Pipe.
[[0;32m  OK  [0m] Listening on /dev/initctl Compatibility Named Pipe.
[    4.793182] systemd[1]: Listening on Syslog Socket.
[[0;32m  OK  [0m] Listening on Syslog Socket.
[    4.796273] systemd[1]: Reached target Encrypted Volumes.
[[0;32m  OK  [0m] Reached target Encrypted Volumes.
[    4.798610] systemd[1]: Reached target Swap.
[[0;32m  OK  [0m] Reached target Swap.
[    4.801187] systemd[1]: Reached target User and Group Name Lookups.
[[0;32m  OK  [0m] Reached target User and Group Name Lookups.
[    4.804200] systemd[1]: Listening on udev Kernel Socket.
[[0;32m  OK  [0m] Listening on udev Kernel Socket.
[    4.808676] systemd[1]: Mounting POSIX Message Queue File System...
         Mounting POSIX Message Queue File System...
[    4.812394] systemd[1]: Listening on LVM2 metadata daemon socket.
[[0;32m  OK  [0m] Listening on LVM2 metadata daemon socket.
[    4.818687] systemd[1]: Listening on Journal Audit Socket.
[[0;32m  OK  [0m] Listening on Journal Audit Socket.
[    4.823257] systemd[1]: Starting Journal Service...
         Starting Journal Service...
[    4.828523] systemd[1]: Reached target System Time Synchronized.
[[0;32m  OK  [0m] Reached target System Time Synchronized.
[    4.834844] systemd[1]: Listening on Device-mapper event daemon FIFOs.
[[0;32m  OK  [0m] Listening on Device-mapper event daemon FIFOs.
[    4.841181] iscsi: registered transport (iser)
[    4.843763] systemd[1]: Starting Monitoring of LVM2 mirrors, snapshots etc. using dmeventd or progress polling...
         Starting Monitoring of LVM2 mirrors... dmeventd or progress polling...
[    4.850788] systemd[1]: Mounted POSIX Message Queue File System.
[[0;32m  OK  [0m] Mounted POSIX Message Queue File System.
[    4.853621] systemd[1]: Mounted Huge Pages File System.
[[0;32m  OK  [0m] Mounted Huge Pages File System.
[    4.856219] systemd[1]: Mounted Debug File System.
[[0;32m  OK  [0m] Mounted Debug File System.
[    4.859683] systemd[1]: Started Journal Service.
[[0;32m  OK  [0m] Started Journal Service.
[[0;32m  OK  [0m] Started Uncomplicated firewall.
[[0;32m  OK  [0m] Started Remount Root and Kernel File Systems.
[[0;32m  OK  [0m] Started Create list of required sta...ce nodes for the current kernel.
[[0;32m  OK  [0m] Started Load Kernel Modules.
[[0;32m  OK  [0m] Started Set console keymap.
[[0;32m  OK  [0m] Started Nameserver information manager.
[[0;32m  OK  [0m] Started LVM2 metadata daemon.
         Starting Apply Kernel Variables...
         Mounting FUSE Control File System...
         Starting Create Static Device Nodes in /dev...
         Starting udev Coldplug all Devices...
         Starting Load/Save Random Seed...
         Starting Flush Journal to Persistent Storage...
[[0;32m  OK  [0m] Mounted FUSE Control File System.
[[0;32m  OK  [0m] Started Apply Kernel Variables.
[[0;32m  OK  [0m] Started Load/Save Random Seed.
[[0;32m  OK  [0m] Started Create Static Device Nodes in /dev.
[[0;32m  OK  [0m] Started Flush Journal to Persistent Storage.
         Starting udev Kernel Device Manager...
[[0;32m  OK  [0m] Started udev Coldplug all Devices.
[[0;32m  OK  [0m] Started udev Kernel Device Manager.
[[0;32m  OK  [0m] Started Dispatch Password Requests to Console Directory Watch.
[[0;32m  OK  [0m] Found device /dev/ttyS0.
[[0;32m  OK  [0m] Listening on Load/Save RF Kill Switch Status /dev/rfkill Watch.
[[0;32m  OK  [0m] Started Monitoring of LVM2 mirrors,...ng dmeventd or progress polling.
[[0;32m  OK  [0m] Reached target Local File Systems (Pre).
[[0;32m  OK  [0m] Reached target Local File Systems.
         Starting LSB: AppArmor initialization...
         Starting Commit a transient machine-id on disk...
         Starting Set console font and keymap...
         Starting Create Volatile Files and Directories...
         Starting Tell Plymouth To Write Out Runtime Data...
         Starting Initial cloud-init job (pre-networking)...
[[0;32m  OK  [0m] Started Commit a transient machine-id on disk.
[[0;32m  OK  [0m] Started Create Volatile Files and Directories.
         Starting Update UTMP about System Boot/Shutdown...
[[0;32m  OK  [0m] Started Tell Plymouth To Write Out Runtime Data.
[[0;32m  OK  [0m] Started Update UTMP about System Boot/Shutdown.
[[0;32m  OK  [0m] Started Set console font and keymap.
[[0;32m  OK  [0m] Created slice system-getty.slice.
[[0;32m  OK  [0m] Started LSB: AppArmor initialization.
[    6.755288] cloud-init[661]: Cloud-init v. 19.1-1-gbaa47854-0ubuntu1~16.04.1 running 'init-local' at Wed, 26 Jun 2019 10:43:50 +0000. Up 6.38 seconds.
[[0;32m  OK  [0m] Started Initial cloud-init job (pre-networking).
[[0;32m  OK  [0m] Reached target Network (Pre).
         Starting Raise network interfaces...
[[0;32m  OK  [0m] Started Raise network interfaces.
         Starting Initial cloud-init job (metadata service crawler)...
[[0;32m  OK  [0m] Reached target Network.
[    7.776464] cloud-init[982]: Cloud-init v. 19.1-1-gbaa47854-0ubuntu1~16.04.1 running 'init' at Wed, 26 Jun 2019 10:43:51 +0000. Up 7.29 seconds.
[    7.778309] cloud-init[982]: ci-info: ++++++++++++++++++++++++++++++++++++++Net device info+++++++++++++++++++++++++++++++++++++++
[    7.780234] cloud-init[982]: ci-info: +--------+-------+----------------------------+---------------+--------+-------------------+
[    7.782099] cloud-init[982]: ci-info: | Device |   Up  |          Address           |      Mask     | Scope  |     Hw-Address    |
[    7.783906] cloud-init[982]: ci-info: +--------+-------+----------------------------+---------------+--------+-------------------+
[    7.785828] cloud-init[982]: ci-info: | enp0s3 |  True |         10.0.2.15          | 255.255.255.0 | global | 02:bc:a8:42:42:bc |
[    7.787641] cloud-init[982]: ci-info: | enp0s3 |  True | fe80::bc:a8ff:fe42:42bc/64 |       .       |  link  | 02:bc:a8:42:42:bc |
[    7.789444] cloud-init[982]: ci-info: | enp0s8 | False |             .              |       .       |   .    | 08:00:27:fb:30:de |
[    7.791240] cloud-init[982]: ci-info: |   lo   |  True |         127.0.0.1          |   255.0.0.0   |  host  |         .         |
[    7.793048] cloud-init[982]: ci-info: |   lo   |  True |          ::1/128           |       .       |  host  |         .         |
[    7.794808] cloud-init[982]: ci-info: +--------+-------+----------------------------+---------------+--------+-------------------+
[    7.796748] cloud-init[982]: ci-info: +++++++++++++++++++++++++++Route IPv4 info++++++++++++++++++++++++++++
[    7.798284] cloud-init[982]: ci-info: +-------+-------------+----------+---------------+-----------+-------+
[    7.799866] cloud-init[982]: ci-info: | Route | Destination | Gateway  |    Genmask    | Interface | Flags |
[    7.801502] cloud-init[982]: ci-info: +-------+-------------+----------+---------------+-----------+-------+
[    7.803088] cloud-init[982]: ci-info: |   0   |   0.0.0.0   | 10.0.2.2 |    0.0.0.0    |   enp0s3  |   UG  |
[    7.804692] cloud-init[982]: ci-info: |   1   |   10.0.2.0  | 0.0.0.0  | 255.255.255.0 |   enp0s3  |   U   |
[    7.806265] cloud-init[982]: ci-info: +-------+-------------+----------+---------------+-----------+-------+
[    7.807903] cloud-init[982]: ci-info: +++++++++++++++++++Route IPv6 info+++++++++++++++++++
[    7.812430] cloud-init[982]: ci-info: +-------+-------------+---------+-----------+-------+
[    7.813750] cloud-init[982]: ci-info: | Route | Destination | Gateway | Interface | Flags |
[    7.815417] cloud-init[982]: ci-info: +-------+-------------+---------+-----------+-------+
[    7.816750] cloud-init[982]: ci-info: |   0   |  fe80::/64  |    ::   |   enp0s3  |   U   |
[    7.818199] cloud-init[982]: ci-info: |   3   |   ff00::/8  |    ::   |   enp0s3  |   U   |
[    7.819626] cloud-init[982]: ci-info: +-------+-------------+---------+-----------+-------+
[    7.821049] cloud-init[982]: Generating public/private rsa key pair.
[    7.822202] cloud-init[982]: Your identification has been saved in /etc/ssh/ssh_host_rsa_key.
[    7.823637] cloud-init[982]: Your public key has been saved in /etc/ssh/ssh_host_rsa_key.pub.
[    7.825005] cloud-init[982]: The key fingerprint is:
[    7.825986] cloud-init[982]: SHA256:5ZneWE8e9kD37gl34oiIBu/f4BE9mdrJEQNrLSh+u/A root@ubuntu-xenial
[    7.828404] cloud-init[982]: The key's randomart image is:
[    7.829413] cloud-init[982]: +---[RSA 2048]----+
[    7.830350] cloud-init[982]: |        .        |
[    7.831252] cloud-init[982]: |       . +       |
[    7.832272] cloud-init[982]: |    . . + =   . .|
[    7.833171] cloud-init[982]: |   . . . = B . ..|
[    7.834093] cloud-init[982]: |    . . S X . = .|
[    7.836371] cloud-init[982]: |    .. . * B = = |
[    7.837264] cloud-init[982]: |    .o. + * ..+.+|
[    7.838170] cloud-init[982]: |     oo+ = . oooo|
[    7.839158] cloud-init[982]: |     oE.+ o . ...|
[    7.840130] cloud-init[982]: +----[SHA256]-----+
[    7.841094] cloud-init[982]: Generating public/private dsa key pair.
[    7.842223] cloud-init[982]: Your identification has been saved in /etc/ssh/ssh_host_dsa_key.
[    7.845078] cloud-init[982]: Your public key has been saved in /etc/ssh/ssh_host_dsa_key.pub.
[    7.846496] cloud-init[982]: The key fingerprint is:
[    7.854307] cloud-init[982]: SHA256:NOeDuIMBSwrOd3g3/ATu/MXQMdOZelTcFF56UbN+wXM root@ubuntu-xenial
[    7.855709] cloud-init[982]: The key's randomart image is:
[    7.856817] cloud-init[982]: +---[DSA 1024]----+
[    7.857723] cloud-init[982]: |              .*B|
[    7.858705] cloud-init[982]: |            . *o*|
[    7.859644] cloud-init[982]: |. o    .o .+ =.*E|
[    7.860590] cloud-init[982]: |+o o. oo.=. * ..+|
[    7.861527] cloud-init[982]: |.o.o.o.=Sooo . ..|
[    7.863089] cloud-init[982]: |  . oo+.+ o..   .|
[    7.864009] cloud-init[982]: |    . oo . o     |
[    7.865053] cloud-init[982]: |       .. .      |
[    7.866011] cloud-init[982]: |         .       |
[    7.867038] cloud-init[982]: +----[SHA256]-----+
[    7.868106] cloud-init[982]: Generating public/private ecdsa key pair.
[    7.869386] cloud-init[982]: Your identification has been saved in /etc/ssh/ssh_host_ecdsa_key.
[    7.870849] cloud-init[982]: Your public key has been saved in /etc/ssh/ssh_host_ecdsa_key.pub.
[    7.872284] cloud-init[982]: The key fingerprint is:
[    7.873285] cloud-init[982]: SHA256:YG8s1OBF7gQqlnL4XJiL5T/HaS4Xdhs9Ml9ziiWEELU root@ubuntu-xenial
[    7.876551] cloud-init[982]: The key's randomart image is:
[    7.877889] cloud-init[982]: +---[ECDSA 256]---+
[    7.879263] cloud-init[982]: |      +++        |
[    7.880617] cloud-init[982]: | . + o.* .       |
[    7.881950] cloud-init[982]: |o O o =.E.       |
[    7.883254] cloud-init[982]: | X + o *. .      |
[    7.885145] cloud-init[982]: |. =   . So       |
[    7.886422] cloud-init[982]: |   . .o+= + + .  |
[    7.887765] cloud-init[982]: |    o.=o * * +   |
[    7.889180] cloud-init[982]: |    .=. . o .    |
[[0;32m  OK  [0m] Started Initial cloud-init job (metadata service crawler).
[    7.897275] cloud-init[982]: |     o.          |
[    7.898489] cloud-init[982]: +----[SHA256]-----+
[    7.899482] [[0;32m  OK  [0m] Reached target Network is Online.
cloud-init[982]: Generating public/private ed25519 key pair.
[    7.901401] cloud-init[982]: Your identification has been saved in /etc/ssh/ssh_host_ed25519_key.
[    7.902537] cloud-init[982]: Your public key has been saved in /etc/ssh/ssh_host_ed25519_key.pub.
[    7.903631] cloud-init[982]: The key fingerprint is:
[    7.904505] cloud-init[982]: SHA256:4+Qlt5sScQpQKl/TbH9nelEYQQjvKlwEnSeEsdRGkjM root@ubuntu-xenial
[    7.905649] cloud-init[982]: The key's randomart image is:
[    7.906480] cloud-init[982]: +--[ED25519 256]--+
[    7.907362] cloud-init[982]: |     .. =O+o o+. |
[    7.908353] cloud-init[982]: |    .. +E+*.o  o |
         Starting iSCSI initiator daemon (iscsid)...
[    7.917440] [cloud-init[0;32m  OK  [0m[982]: ] |  . ..o =+.o. . .|Reached target System Initialization.

[    7.918772] [[0;32m  OK  [0m] Listening on ACPID Listen Socket.
[[0;32m  OK  [0m] Started Daily Cleanup of Temporary Directories.
[[0;32m  OK  [0m] Listening on UUID daemon activation socket.
         Starting Socket activation for snappy daemon.
cloud-init[982]: |   o ..o.o..   . |
         Starting LXD - unix socket.
[[0;32m  OK  [0m] Listening on D-Bus System Message Bus Socket.
[[0;32m  OK  [0m] Started ACPI Events Check.
[[0;32m  OK  [0m] Reached target Paths.
[[    7.926450] [0;32m  OK  [0m] Started Daily apt download activities.
[[0;32m  OK  [0m] Started Daily apt upgrade and clean activities.
[[0;32m  OK  [0m] Reached target Timers.
[[0;32m  OK  [0m] Reached target Cloud-config availability.
cloud-init[982]: |    .  .S+= o +  |
[    7.931779] cloud-init[982]: |       =o* + + . |
[    7.933012] [[0;32m  OK  [0m] Listening on Socket activation for snappy daemon.
cloud-init[982]: |        =.o . .  |
[    7.935037] cloud-init[982]: |        .. o .   |[[0;32m  OK  [0m] Listening on LXD - unix socket.

[    7.937587] cloud-init[982]: |         .o      |
[    7.938502] cloud-init[982]: +----[SHA256]-----+
[[0;32m  OK  [0m] Reached target Sockets.
[[0;32m  OK  [0m] Reached target Basic System.
[[0;32m  OK  [0m] Started Deferred execution scheduler.
         Starting LSB: MD monitoring daemon...
[[0;32m  OK  [0m] Started D-Bus System Message Bus.
         Starting System Logging Service...
[[0;32m  OK  [0m] Started FUSE filesystem for LXC.
         Starting LXD - container startup/shutdown...
         Starting /etc/rc.local Compatibility...
         Starting LSB: Record successful boot for GRUB...
         Starting Accounts Service...
[[0;32m  OK  [0m] Started ACPI event daemon.
         Starting Pollinate to seed the pseudo random number generator...
         Starting Login Service...
         Starting Virtualbox guest utils...
[[0;32m  OK  [0m] Started Regular background program processing daemon.
         Starting Snappy daemon...
[[0;32m  OK  [0m] Started System Logging Service.
[[0;32m  OK  [0m] Started iSCSI initiator daemon (iscsid).
[[0;32m  OK  [0m] Started /etc/rc.local Compatibility.
[[0;32m  OK  [0m] Started LSB: MD monitoring daemon.
[[0;32m  OK  [0m] Started Login Service.
[[0;32m  OK  [0m] Started Unattended Upgrades Shutdown.
         Starting Authenticate and Authorize Users to Run Privileged Tasks...
         Starting Login to default iSCSI targets...
[[0;32m  OK  [0m] Started LSB: Record successful boot for GRUB.
[[0;32m  OK  [0m] Started LXD - container startup/shutdown.
[[0;32m  OK  [0m] Started Login to default iSCSI targets.
[[0;32m  OK  [0m] Started Authenticate and Authorize Users to Run Privileged Tasks.
[[0;32m  OK  [0m] Started Accounts Service.
[[0;32m  OK  [0m] Reached target Remote File Systems (Pre).
[[0;32m  OK  [0m] Reached target Remote File Systems.
         Starting LSB: Set the CPU Frequency Scaling governor to "ondemand"...
         Starting LSB: daemon to balance interrupts for SMP systems...
         Starting Permit User Sessions...
         Starting LSB: automatic crash report generation...
[[0;32m  OK  [0m] Started Permit User Sessions.
         Starting Hold until boot process finishes up...
         Starting Terminate Plymouth Boot Screen...
[[0;32m  OK  [0m] Started Hold until boot process finishes up.
[[0;32m  OK  [0m] Started LSB: Set the CPU Frequency Scaling governor to "ondemand".
[[0;32m  OK  [0m] Started Terminate Plymouth Boot Screen.
[[0;32m  OK  [0m] Started Virtualbox guest utils.
[[0;32m  OK  [0m] Started LSB: automatic crash report generation.
[[0;32m  OK  [0m] Started Serial Getty on ttyS0.
[[0;32m  OK  [0m] Started Getty on tty1.
[[0;32m  OK  [0m] Reached target Login Prompts.
         Starting Set console scheme...
[[0;32m  OK  [0m] Started Set console scheme.
[[0;32m  OK  [0m] Started LSB: daemon to balance interrupts for SMP systems.
[[0;32m  OK  [0m] Started Snappy daemon.
         Starting Wait until snapd is fully seeded...
[[0;32m  OK  [0m] Started Pollinate to seed the pseudo random number generator.
         Starting OpenBSD Secure Shell server...
[[0;32m  OK  [0m] Started OpenBSD Secure Shell server.
[[0;32m  OK  [0m] Started Wait until snapd is fully seeded.
         Starting Apply the settings specified in cloud-config...
[[0;32m  OK  [0m] Reached target Multi-User System.
[[0;32m  OK  [0m] Reached target Graphical Interface.
         Starting Update UTMP about System Runlevel Changes...
[[0;32m  OK  [0m] Started Update UTMP about System Runlevel Changes.
[    9.836988] cloud-init[1319]: Generating locales (this might take a while)...
[   10.536937] cloud-init[1319]:   en_US.UTF-8... done
[   10.538834] cloud-init[1319]: Generation complete.
[   10.789907] cloud-init[1319]: Cloud-init v. 19.1-1-gbaa47854-0ubuntu1~16.04.1 running 'modules:config' at Wed, 26 Jun 2019 10:43:53 +0000. Up 9.73 seconds.
[[0;32m  OK  [0m] Started Apply the settings specified in cloud-config.
         Starting Execute cloud user/final scripts...
ci-info: no authorized ssh keys fingerprints found for user ubuntu.
<14>Jun 26 10:43:55 ec2: 
<14>Jun 26 10:43:55 ec2: #############################################################
<14>Jun 26 10:43:55 ec2: -----BEGIN SSH HOST KEY FINGERPRINTS-----
<14>Jun 26 10:43:55 ec2: 1024 SHA256:NOeDuIMBSwrOd3g3/ATu/MXQMdOZelTcFF56UbN+wXM root@ubuntu-xenial (DSA)
<14>Jun 26 10:43:55 ec2: 256 SHA256:YG8s1OBF7gQqlnL4XJiL5T/HaS4Xdhs9Ml9ziiWEELU root@ubuntu-xenial (ECDSA)
<14>Jun 26 10:43:55 ec2: 256 SHA256:4+Qlt5sScQpQKl/TbH9nelEYQQjvKlwEnSeEsdRGkjM root@ubuntu-xenial (ED25519)
<14>Jun 26 10:43:55 ec2: 2048 SHA256:5ZneWE8e9kD37gl34oiIBu/f4BE9mdrJEQNrLSh+u/A root@ubuntu-xenial (RSA)
<14>Jun 26 10:43:55 ec2: -----END SSH HOST KEY FINGERPRINTS-----
<14>Jun 26 10:43:55 ec2: #############################################################
-----BEGIN SSH HOST KEY KEYS-----
ecdsa-sha2-nistp256 AAAAE2VjZHNhLXNoYTItbmlzdHAyNTYAAAAIbmlzdHAyNTYAAABBBFwSx8o+ap6f8g+ysD95sMRnUx2r5hQWgpdNfEztL4IuKtsv7NaeUFbeQELS439ilKlX+cbmAF7fC9z75XeW2Ds= root@ubuntu-xenial
ssh-ed25519 AAAAC3NzaC1lZDI1NTE5AAAAIJg9vLHrkJ8d16c/odhAc71Zd6tXkrGyNlNVpeeVBGP1 root@ubuntu-xenial
ssh-rsa AAAAB3NzaC1yc2EAAAADAQABAAABAQC+muwG2kpg6tPP7vb/qWJ3ma9i443toNIc/yfXAqLMmus+HDw9nJyJy0abar7+nLAv4iWD9rgtSaTEQ1jsGMHqYey3+kpvX7G9dmClfbXJgsjKrwhCHAzMlGbJ8JxWmIFQMvKqLMATwCEcP4m16kvcGo0F8dTIfcHrT55PvbvdKwgzFP3rdKyggHcCevCDhbq/Ijon9m6MXBiMCyIQfbfNC3MDa79eMGbUT7BO/I+/ip+qCYqH5Cs2MHnpeeAxTj1gYzoBWReFV4saAGjjSAsXJFFc4bL+aOLlSXSBe4mUk+vHqIw3TWCs0vQj4sDmx4sYGDZtTITX87aAJtfFpmLR root@ubuntu-xenial
-----END SSH HOST KEY KEYS-----
[   11.236710] cloud-init[1362]: Cloud-init v. 19.1-1-gbaa47854-0ubuntu1~16.04.1 running 'modules:final' at Wed, 26 Jun 2019 10:43:54 +0000. Up 11.10 seconds.
[   11.239312] cloud-init[1362]: ci-info: no authorized ssh keys fingerprints found for user ubuntu.
[   11.241264] cloud-init[1362]: Cloud-init v. 19.1-1-gbaa47854-0ubuntu1~16.04.1 finished at Wed, 26 Jun 2019 10:43:55 +0000. Datasource DataSourceNoCloud [seed=/dev/sdb][dsmode=net].  Up 11.22 seconds
[[0;32m  OK  [0m] Started Execute cloud user/final scripts.
[[0;32m  OK  [0m] Reached target Cloud-init target.

Ubuntu 16.04.6 LTS ubuntu-xenial ttyS0

ubuntu-xenial login: 